[00:21:09] Cycle-12 fresh-anchor CEM | family=piecewise pop=24 gen=12 elite_n=4 init_std_frac=0.3 workers=3 rng_seed=0
[00:21:09] Search seeds: 0..63 (n=64)
[00:21:09] Val seeds:    1000..1127 (n=128)
[00:21:09] Test seeds:   2000..2255 (n=256)
[00:21:09] Anchor: defaults; std = 0.3 × range (wide)
[00:21:09] Bar to beat: piecewise warm-start best = 456.803
[00:21:41] Sanity (default mean on val): score=256.495 adv=-0.157 (32.1s)
[00:24:14]   gen  0: best_search=387.976 elite_mean=361.793 median=166.368 fixed_val=391.168 adv=-56.900 (126.6s search + 26.4s val)
[00:26:42]   gen  1: best_search=375.781 elite_mean=373.848 median=350.687 fixed_val=378.004 adv=-16.403 (119.7s search + 28.4s val)
[00:29:06]   gen  2: best_search=393.041 elite_mean=388.246 median=369.385 fixed_val=396.366 adv=-31.310 (117.2s search + 27.2s val)
[00:31:34]   gen  3: best_search=402.771 elite_mean=400.945 median=389.632 fixed_val=405.566 adv=+25.025 (117.4s search + 30.7s val)
[00:34:01]   gen  4: best_search=408.072 elite_mean=405.287 median=398.813 fixed_val=413.853 adv=-80.762 (120.9s search + 25.2s val)
[00:36:26]   gen  5: best_search=411.651 elite_mean=410.230 median=406.017 fixed_val=416.529 adv=-39.417 (119.1s search + 26.3s val)
[00:38:46]   gen  6: best_search=412.261 elite_mean=411.905 median=410.119 fixed_val=416.803 adv=-19.953 (112.7s search + 27.6s val)
[00:41:07]   gen  7: best_search=412.890 elite_mean=412.565 median=411.802 fixed_val=417.520 adv=-25.127 (114.1s search + 26.9s val)
[00:43:27]   gen  8: best_search=413.694 elite_mean=413.425 median=412.451 fixed_val=418.509 adv=-30.627 (113.5s search + 26.5s val)
[00:45:46]   gen  9: best_search=414.032 elite_mean=413.950 median=413.566 fixed_val=418.895 adv=-30.158 (112.3s search + 26.4s val)
[00:48:04]   gen 10: best_search=414.371 elite_mean=414.229 median=413.903 fixed_val=419.150 adv=-33.031 (111.8s search + 26.5s val)
[00:50:24]   gen 11: best_search=414.554 elite_mean=414.411 median=414.095 fixed_val=419.339 adv=-30.474 (112.3s search + 27.7s val)
[00:50:24] CEM complete in 1723.4s (28.7 min)
[00:50:24] Reranking top-8 unique elites on 128 val seeds, then scoring val-best on 256 test seeds…
[00:54:57]   Best-by-val | val_score=419.341 | test_score=418.648 | adv=-36.433  (54.1s) | warm-start bar=456.803 | Δ_vs_warmstart=-38.155
[00:54:57]   -> wrote /sessions/magical-festive-mccarthy/mnt/amm-gym-auto-research/research/experiments/2026-05-04-cycle12-latent-ladder-cem/results/fresh_anchor_piecewise_test.json
[00:54:57] {
  "params": {
    "base_fee": 0.0040994245314761295,
    "base_spread": 0.00010402494759217556,
    "signal_decay": 0.6832354130067724,
    "toxicity_decay": 0.9371339765528016,
    "small_trade_threshold": 0.0018545298647652778,
    "large_trade_threshold": 0.019507405201109437,
    "continuation_small": -0.0014232331842867093,
    "continuation_medium": 0.009106054450759755,
    "continuation_large": 0.017431498977515867,
    "reversal_small": 0.008410134569190094,
    "reversal_medium": 0.01058135995402196,
    "reversal_large": 0.07843008958648288,
    "continuation_to_same_side": 0.23108419522766777,
    "continuation_to_cross_side": 0.6360345348778953,
    "toxicity_to_mid": 0.004223858068375944,
    "toxicity_to_side": 0.044079373476359304
  },
  "val_score": 419.3412653707278,
  "val_edge_advantage": -34.63965623838934,
  "test_score": 418.64844032934246,
  "test_edge_advantage": -36.43312878275551,
  "test_n_seeds": 256
}
