[22:49:34] Cycle-11 grid cell d24_s1 | core_dim=16 tail_dim=8 total_dim=24 pop=24 gen=12 elite_n=4 init_std_frac=0.1 workers=3 rng_seed=1
[22:49:34] Anchor (piecewise core only): {'base_fee': 0.0016550408798529576, 'base_spread': 0.004243130017056316, 'signal_decay': 0.6710204554398381, 'toxicity_decay': 0.5359985273747493, 'small_trade_threshold': 0.0035434960848610567, 'large_trade_threshold': 0.010026395287212322, 'continuation_small': -0.0002902772323995477, 'continuation_medium': 0.007132694969980573, 'continuation_large': 0.01823001527951129, 'reversal_small': 0.01193099991680676, 'reversal_medium': 0.02189557268220984, 'reversal_large': 0.07594344828226333, 'continuation_to_same_side': 0.12260500653949676, 'continuation_to_cross_side': 1.3580492898846743, 'toxicity_to_mid': 0.009952017339294478, 'toxicity_to_side': 0.06882714964266168}
[22:49:34] Anchor (noop tail of 8 inert dims): all zeros
[22:49:34] Search seeds: 0..63 (n=64)
[22:49:34] Val seeds:    1000..1127 (n=128)
[22:49:34] Test seeds:   2000..2255 (n=256)
[22:49:48] Anchor search-seed score: 441.530 (parity check)
[22:52:14]   gen  0: best=441.530 elite_mean=430.444 val=447.890 (118.5s+28.2s)
[22:54:41]   gen  1: best=442.023 elite_mean=438.460 val=448.203 (119.1s+27.2s)
[22:57:14]   gen  2: best=441.683 elite_mean=441.006 val=447.229 (124.4s+28.3s)
[22:59:46]   gen  3: best=445.126 elite_mean=443.455 val=451.035 (122.4s+29.6s)
[23:02:25]   gen  4: best=445.199 elite_mean=444.902 val=450.775 (129.3s+29.6s)
[23:05:03]   gen  5: best=446.092 elite_mean=445.566 val=452.070 (128.1s+30.1s)
[23:07:42]   gen  6: best=446.471 elite_mean=446.239 val=452.267 (128.7s+30.7s)
[23:10:20]   gen  7: best=446.652 elite_mean=446.583 val=452.794 (128.6s+29.8s)
[23:12:58]   gen  8: best=447.092 elite_mean=446.984 val=452.953 (127.2s+30.1s)
[23:15:34]   gen  9: best=447.286 elite_mean=447.204 val=453.399 (126.8s+29.2s)
[23:18:07]   gen 10: best=447.557 elite_mean=447.505 val=453.489 (123.3s+29.4s)
[23:20:38]   gen 11: best=447.808 elite_mean=447.708 val=453.718 (123.0s+28.9s)
[23:20:38] CEM complete in 1850.6s (30.8 min)
[23:20:38] Reranking top-8 unique elites on val seeds, then scoring val-best on test…
[23:25:28]   Best-by-val | val=453.740 | test=452.565 | adv=+53.831  (58.2s) | cycle8_starting_line=446.613
[23:25:28]   Δ vs cycle-8 ablation best: +5.952
[23:25:28]   -> wrote /sessions/busy-ecstatic-curie/mnt/amm-gym-auto-research/research/experiments/2026-05-04-cycle11-grid-cem/results/cell_d24_s1/result.json
[23:25:28] {
  "params": {
    "base_fee": 0.0008812023874883922,
    "base_spread": 0.003480453902566184,
    "signal_decay": 0.7198894545128397,
    "toxicity_decay": 0.6631106236116505,
    "small_trade_threshold": 0.002895946426650648,
    "large_trade_threshold": 0.009122028418693202,
    "continuation_small": -0.00014808792806673076,
    "continuation_medium": 0.0060848767949619985,
    "continuation_large": 0.017930810820929927,
    "reversal_small": 0.015598893435780477,
    "reversal_medium": 0.025592348021284676,
    "reversal_large": 0.07744055882074331,
    "continuation_to_same_side": 0.14673875969875297,
    "continuation_to_cross_side": 1.4252601376854703,
    "toxicity_to_mid": 0.004879113822944047,
    "toxicity_to_side": 0.07413782700584688,
    "noop_0": 0.09897114994312144,
    "noop_1": -0.03677573822423198,
    "noop_2": 0.10099908002729892,
    "noop_3": 0.007171669330809893,
    "noop_4": -0.02343556839755849,
    "noop_5": 0.13328629507660628,
    "noop_6": -0.036576693512680745,
    "noop_7": -0.6449780063589841
  },
  "val_score": 453.74029426743635,
  "val_edge_advantage": 55.757670116298826,
  "test_score": 452.56548141397394,
  "test_edge_advantage": 53.83089329719631,
  "test_n_seeds": 256
}
