[01:07:22] Cycle-13 long-run warm-start CEM | longrun_d16_s0_g24 | core_dim=16 pop=24 gen=24 elite_n=4 init_std_frac=0.1 workers=3 rng_seed=0
[01:07:22] Anchor: cycle-11 d16_s2 best_by_val (champion test=456.803)
[01:07:22] Anchor params: {'base_fee': 0.0007091416018193545, 'base_spread': 0.003801937123052311, 'signal_decay': 0.7648063790901181, 'toxicity_decay': 0.6015456547795871, 'small_trade_threshold': 0.003401163958663298, 'large_trade_threshold': 0.010798304729989912, 'continuation_small': -1.2385103877482917e-05, 'continuation_medium': 0.006817365552646046, 'continuation_large': 0.018880066138232437, 'reversal_small': 0.009476666430879962, 'reversal_medium': 0.020351735057164123, 'reversal_large': 0.07500325588327934, 'continuation_to_same_side': 0.32864935375355064, 'continuation_to_cross_side': 1.577209104304979, 'toxicity_to_mid': 0.012951221801647789, 'toxicity_to_side': 0.07081310942619837}
[01:07:22] Search seeds: 0..63 (n=64)
[01:07:22] Val seeds:    1000..1127 (n=128)
[01:07:22] Test seeds:   2000..2255 (n=256)
[01:07:36] Anchor search-seed score: 452.387 (parity check)
[01:10:07]   gen  0: best=452.387 elite_mean=436.020 val=458.539 (120.9s+29.7s)
[01:12:44]   gen  1: best=445.608 elite_mean=444.246 val=452.454 (127.0s+29.7s)
[01:15:24]   gen  2: best=448.491 elite_mean=447.667 val=454.375 (130.8s+29.2s)
[01:17:58]   gen  3: best=450.415 elite_mean=450.129 val=456.290 (123.9s+30.1s)
[01:20:34]   gen  4: best=450.821 elite_mean=450.438 val=457.235 (126.7s+29.7s)
[01:23:06]   gen  5: best=451.008 elite_mean=450.930 val=457.588 (122.7s+29.1s)
[01:25:37]   gen  6: best=450.992 elite_mean=450.931 val=457.414 (122.3s+29.0s)
[01:28:09]   gen  7: best=451.053 elite_mean=450.994 val=457.314 (122.6s+28.9s)
[01:30:41]   gen  8: best=451.235 elite_mean=451.167 val=457.707 (123.1s+28.9s)
[01:33:12]   gen  9: best=451.193 elite_mean=451.097 val=457.629 (122.3s+28.9s)
[01:35:44]   gen 10: best=451.365 elite_mean=451.142 val=457.706 (123.4s+28.9s)
[01:38:16]   gen 11: best=451.192 elite_mean=451.109 val=457.641 (122.7s+29.0s)
[01:40:47]   gen 12: best=451.200 elite_mean=451.123 val=457.529 (122.3s+29.0s)
[01:43:19]   gen 13: best=451.161 elite_mean=451.066 val=457.647 (122.5s+28.8s)
[01:45:49]   gen 14: best=451.166 elite_mean=451.115 val=457.570 (122.1s+28.8s)
[01:48:19]   gen 15: best=451.225 elite_mean=451.147 val=457.622 (121.3s+28.6s)
[01:50:50]   gen 16: best=451.213 elite_mean=451.141 val=457.749 (122.3s+28.7s)
[01:53:20]   gen 17: best=451.116 elite_mean=451.050 val=457.693 (121.0s+28.4s)
[01:55:49]   gen 18: best=451.075 elite_mean=450.990 val=457.451 (121.0s+28.2s)
[01:58:19]   gen 19: best=451.261 elite_mean=451.157 val=457.735 (121.2s+28.4s)
[02:00:50]   gen 20: best=451.076 elite_mean=451.056 val=457.664 (122.4s+28.6s)
[02:03:19]   gen 21: best=451.227 elite_mean=451.161 val=457.724 (121.3s+28.4s)
[02:05:49]   gen 22: best=451.231 elite_mean=451.112 val=457.647 (120.8s+28.6s)
[02:08:19]   gen 23: best=451.230 elite_mean=451.144 val=457.576 (121.8s+28.7s)
[02:08:19] CEM complete in 3642.7s (60.7 min)
[02:08:19] Reranking top-8 unique elites on val seeds, then scoring val-best on test…
