[16:58:48] Cycle-10A no-op-tail piecewise warm-start CEM | core_dim=16 tail_dim=4 total_dim=20 pop=24 gen=12 elite_n=4 init_std_frac=0.1 workers=3 rng_seed=0
[16:58:48] Anchor (piecewise core only): {'base_fee': 0.0016550408798529576, 'base_spread': 0.004243130017056316, 'signal_decay': 0.6710204554398381, 'toxicity_decay': 0.5359985273747493, 'small_trade_threshold': 0.0035434960848610567, 'large_trade_threshold': 0.010026395287212322, 'continuation_small': -0.0002902772323995477, 'continuation_medium': 0.007132694969980573, 'continuation_large': 0.01823001527951129, 'reversal_small': 0.01193099991680676, 'reversal_medium': 0.02189557268220984, 'reversal_large': 0.07594344828226333, 'continuation_to_same_side': 0.12260500653949676, 'continuation_to_cross_side': 1.3580492898846743, 'toxicity_to_mid': 0.009952017339294478, 'toxicity_to_side': 0.06882714964266168}
[16:58:48] Anchor (noop tail): {'noop_0': 0.0, 'noop_1': 0.0, 'noop_2': 0.0, 'noop_3': 0.0} (these are inert)
[16:58:48] Search seeds: 0..63 (n=64)
[16:58:48] Val seeds:    1000..1127 (n=128)
[16:58:48] Test seeds:   2000..2255 (n=256)
[16:59:01] Anchor search-seed score: 441.530 (parity check: should equal cycle-8 anchor)
[17:01:30]   gen  0: best=441.530 elite_mean=434.320 val=447.890 | noop_mean=[+0.063,-0.046,+0.027,+0.126] noop_std=[0.077,0.133,0.146,0.347] (121.3s+27.8s)
[17:03:56]   gen  1: best=443.739 elite_mean=439.415 val=450.501 | noop_mean=[+0.034,-0.125,+0.017,+0.034] noop_std=[0.052,0.107,0.111,0.182] (118.9s+26.3s)
[17:06:21]   gen  2: best=446.507 elite_mean=444.796 val=453.693 | noop_mean=[+0.025,-0.048,+0.020,+0.195] noop_std=[0.062,0.064,0.127,0.182] (117.8s+27.2s)
[17:08:45]   gen  3: best=448.452 elite_mean=447.636 val=454.563 | noop_mean=[+0.055,-0.049,+0.042,+0.203] noop_std=[0.068,0.046,0.042,0.096] (116.1s+28.1s)
[17:11:14]   gen  4: best=449.654 elite_mean=449.300 val=454.822 | noop_mean=[+0.078,-0.059,+0.043,+0.174] noop_std=[0.064,0.023,0.025,0.029] (120.8s+29.0s)
[17:13:46]   gen  5: best=450.060 elite_mean=449.879 val=455.629 | noop_mean=[+0.061,-0.050,+0.049,+0.176] noop_std=[0.014,0.018,0.010,0.028] (122.3s+28.8s)
[17:16:15]   gen  6: best=450.240 elite_mean=450.066 val=456.321 | noop_mean=[+0.059,-0.059,+0.055,+0.169] noop_std=[0.008,0.008,0.011,0.017] (121.6s+28.1s)
[17:18:45]   gen  7: best=450.847 elite_mean=450.614 val=457.055 | noop_mean=[+0.050,-0.052,+0.057,+0.162] noop_std=[0.003,0.005,0.004,0.021] (121.6s+28.5s)
[17:21:15]   gen  8: best=450.944 elite_mean=450.682 val=457.482 | noop_mean=[+0.049,-0.051,+0.058,+0.161] noop_std=[0.002,0.004,0.004,0.020] (121.6s+28.3s)
[17:23:44]   gen  9: best=451.460 elite_mean=451.129 val=457.663 | noop_mean=[+0.048,-0.050,+0.056,+0.157] noop_std=[0.002,0.003,0.004,0.005] (120.7s+28.4s)
[17:26:15]   gen 10: best=451.506 elite_mean=451.289 val=457.314 | noop_mean=[+0.050,-0.051,+0.054,+0.151] noop_std=[0.003,0.003,0.001,0.005] (122.3s+28.6s)
[17:28:45]   gen 11: best=451.662 elite_mean=451.539 val=457.668 | noop_mean=[+0.050,-0.049,+0.054,+0.150] noop_std=[0.001,0.002,0.001,0.004] (121.3s+28.4s)
[17:28:45] CEM complete in 1783.6s (29.7 min)
[17:28:45] Reranking top-8 unique elites on val seeds, then scoring val-best on test…
[17:33:30]   Best-by-val | val=457.668 | test=456.738 | adv=+56.356  (57.3s) | cycle8_starting_line=446.613
[17:33:30]   Δ vs cycle-8 ablation best: +10.124
[17:33:30]   -> wrote /sessions/jolly-confident-mccarthy/mnt/amm-gym-auto-research/research/experiments/2026-05-04-cycle10-noop-tail-cem/results/noop_tail_cem_test.json
[17:33:30] {
  "params": {
    "base_fee": 0.0007989288030798222,
    "base_spread": 0.004483581252425862,
    "signal_decay": 0.796679936998291,
    "toxicity_decay": 0.5411675298855991,
    "small_trade_threshold": 0.003014566081871319,
    "large_trade_threshold": 0.009357513876640033,
    "continuation_small": -0.00020303870501469818,
    "continuation_medium": 0.005846905660229886,
    "continuation_large": 0.018041722052849873,
    "reversal_small": 0.012267833697892734,
    "reversal_medium": 0.022993488328058535,
    "reversal_large": 0.07283817899299969,
    "continuation_to_same_side": 0.23888855107195905,
    "continuation_to_cross_side": 1.443630205567557,
    "toxicity_to_mid": 0.0010420378065517297,
    "toxicity_to_side": 0.07239579721346522,
    "noop_0": 0.0494702324582209,
    "noop_1": -0.050909038821888464,
    "noop_2": 0.0545737839187322,
    "noop_3": 0.1526983212455627
  },
  "val_score": 457.66797860145726,
  "val_edge_advantage": 58.19297637521871,
  "test_score": 456.73763636922195,
  "test_edge_advantage": 56.35606709207054,
  "test_n_seeds": 256
}
