[22:47:42] M4 cycle-22 ladder CEM | anchor=cycle21_seed1 rng_seed=1 | dim=19 pop=12 gen=5 elite_n=2 workers=2
[22:47:42]   anchor lift_FF nominal: +2.900
[22:48:20]   anchor_ladder val (real_data, n=128): score= +3.651 adv= +5.405 retail_adv= +3.877 (37.7s)
[22:50:24]   gen 0: best= +2.724 elite_mean= +1.938 all_mean= -2.265 (123.9s)
[22:52:18]   gen 1: best= +2.588 elite_mean= +2.476 all_mean= +1.117 (114.8s)
[22:54:13]   gen 2: best= +2.624 elite_mean= +2.616 all_mean= +2.516 (114.5s)
[22:56:08]   gen 3: best= +2.652 elite_mean= +2.647 all_mean= +2.602 (115.6s)
[22:58:04]   gen 4: best= +2.684 elite_mean= +2.676 all_mean= +2.645 (115.5s)
[22:58:04]   CEM done in 584.3s
[22:58:04]   rerank pool: 7 candidates
[22:58:41]     rerank 0 (    anchor): val= +3.651 adv= +5.405 retail_adv= +3.877 (37.2s)
[22:59:18]     rerank 1 (      gen4): val= +3.573 adv= +5.614 retail_adv= +4.231 (37.1s)
[22:59:56]     rerank 2 (      gen4): val= +3.548 adv= +5.663 retail_adv= +4.323 (37.5s)
[23:00:33]     rerank 3 (      gen3): val= +3.547 adv= +5.565 retail_adv= +4.195 (37.1s)
[23:01:10]     rerank 4 (      gen3): val= +3.497 adv= +5.604 retail_adv= +4.330 (36.8s)
[23:01:46]     rerank 5 (      gen2): val= +3.509 adv= +5.528 retail_adv= +4.170 (36.8s)
[23:02:23]     rerank 6 (      gen2): val= +3.463 adv= +5.725 retail_adv= +4.534 (37.0s)
[23:04:50]   TEST best (n=256): score= +3.370 adv= +5.189 retail_adv= +3.820
[23:04:50]   FF test score:  +0.470
[23:04:50]   lift_FF (test): +2.900
[23:04:50] wrote /sessions/practical-gallant-gauss/mnt/amm-gym-auto-research/research/experiments/2026-05-05-cycle22-m4-ladder-anchor-control/results/cycle21_seed1_seed1/test.json
