[14:12:13] M4 c11 long-budget CEM | piecewise on real_data | pop=24 gen=10 elite_n=4 init_std_frac=0.1 workers=3
[14:12:48]   c11 val (real_data, n=128): score=  2.918 adv= +3.053 retail_adv= +1.067 (35.1s)
[14:15:59]   gen  0: best_search= 1.955 elite_mean= 1.330 median=-1.289 val= 2.918 adv=+3.053 retail_adv=+1.067 (154.7s + 35.9s)
[14:19:09]   gen  1: best_search= 1.338 elite_mean= 1.047 median=-1.899 val= 2.162 adv=+4.563 retail_adv=+4.266 (154.9s + 34.9s)
[14:22:10]   gen  2: best_search= 1.870 elite_mean= 1.167 median=-1.053 val= 2.751 adv=+5.720 retail_adv=+5.101 (146.7s + 34.9s)
[14:25:13]   gen  3: best_search= 2.170 elite_mean= 1.114 median=-0.799 val= 3.036 adv=+5.753 retail_adv=+4.822 (148.0s + 35.0s)
[14:28:14]   gen  4: best_search= 2.603 elite_mean= 2.249 median=-0.572 val= 3.396 adv=+5.557 retail_adv=+3.891 (144.5s + 36.7s)
[14:31:24]   gen  5: best_search= 2.723 elite_mean= 2.503 median= 1.686 val= 3.649 adv=+5.238 retail_adv=+3.520 (153.0s + 36.9s)
[14:34:34]   gen  6: best_search= 2.778 elite_mean= 2.745 median= 2.448 val= 3.712 adv=+5.607 retail_adv=+3.965 (151.8s + 37.4s)
[14:37:43]   gen  7: best_search= 2.819 elite_mean= 2.781 median= 2.415 val= 3.820 adv=+5.293 retail_adv=+3.351 (152.3s + 37.2s)
[14:40:52]   gen  8: best_search= 2.901 elite_mean= 2.862 median= 2.674 val= 3.885 adv=+5.257 retail_adv=+3.268 (151.7s + 36.9s)
[14:44:02]   gen  9: best_search= 2.884 elite_mean= 2.864 median= 2.785 val= 3.822 adv=+5.500 retail_adv=+3.692 (153.5s + 37.2s)
[14:44:02] CEM complete in 1874.2s (31.2 min)
[14:50:53]   FixedFee test (real_data): 0.470 (74.0s)
[14:50:53]   -> wrote /sessions/lucid-amazing-tesla/mnt/amm-gym-auto-research/research/experiments/2026-05-05-cycle18-m4-prior-sweep/results/long_cem_from_c11/test.json
[14:50:53] {
  "params": {
    "base_fee": 0.0002651625453621829,
    "base_spread": 0.004070554016340082,
    "signal_decay": 0.7627950328668307,
    "toxicity_decay": 0.7516377170207057,
    "small_trade_threshold": 0.002848486560218609,
    "large_trade_threshold": 0.008866574986467687,
    "continuation_small": 8.283451496244375e-05,
    "continuation_medium": 0.006929076834258454,
    "continuation_large": 0.017986720175801947,
    "reversal_small": 0.004837147255038543,
    "reversal_medium": 0.012729063516975241,
    "reversal_large": 0.07976951856036607,
    "continuation_to_same_side": -0.19329440684669405,
    "continuation_to_cross_side": 0.9267032329066462,
    "toxicity_to_mid": 0.011186051913361214,
    "toxicity_to_side": 0.07886754688062839
  },
  "val_score": 3.885134411998415,
  "val_edge_advantage": 5.257430349059347,
  "val_retail_advantage": 3.2682433169772303,
  "test_score": 3.476019260760726,
  "test_edge_advantage": 4.92532589384154,
  "test_retail_advantage": 3.215080636923985,
  "test_n_seeds": 256,
  "ff_test_score": 0.4703053718833298,
  "lift_FF": 3.005713888877396
}
