[12:23:57] M4 cycle-28 5-bucket-ladder TIGHTSTD LONG-CEM | anchor=cycle18_seed0 rng_seed=0 | dim=22 pop=24 gen=10 elite_n=4 init_std_frac_new=0.05 init_std_frac_inh=0.05 workers=2
[12:23:57]   anchor lift_FF nominal: +3.006
[12:24:33]   anchor_5bucket val (real_data, n=128): score= +3.885 adv= +5.257 retail_adv= +3.268 (35.4s)
[12:28:21]   gen 0: best= +2.901 elite_mean= +2.029 all_mean= -1.263 (228.3s)
[12:32:04]   gen 1: best= +2.932 elite_mean= +2.906 all_mean= +1.874 (223.0s)
[12:35:51]   gen 2: best= +3.291 elite_mean= +3.079 all_mean= +2.634 (226.8s)
[12:39:41]   gen 3: best= +3.226 elite_mean= +3.123 all_mean= +2.681 (230.4s)
[12:43:24]   gen 4: best= +3.214 elite_mean= +3.189 all_mean= +2.863 (223.3s)
[12:47:07]   gen 5: best= +3.253 elite_mean= +3.231 all_mean= +2.935 (222.1s)
[12:50:49]   gen 6: best= +3.290 elite_mean= +3.259 all_mean= +3.150 (222.1s)
[12:54:30]   gen 7: best= +3.280 elite_mean= +3.275 all_mean= +3.238 (221.8s)
[13:47:42]   gen 8: best= +3.291 elite_mean= +3.285 all_mean= +3.245 (3191.3s)
[14:04:40]   gen 9: best= +3.295 elite_mean= +3.293 all_mean= +3.280 (1017.9s)
[14:04:40]   CEM done in 6007.1s
[14:04:40]   rerank pool: 7 candidates
[14:05:18]     rerank 0 (    anchor): val= +3.885 adv= +5.257 retail_adv= +3.268 (37.9s)
[14:05:55]     rerank 1 (      gen9): val= +4.067 adv= +5.257 retail_adv= +2.771 (37.5s)
[14:06:33]     rerank 2 (      gen9): val= +4.070 adv= +5.294 retail_adv= +2.812 (37.5s)
[14:07:11]     rerank 3 (      gen2): val= +3.881 adv= +4.036 retail_adv= +0.595 (38.6s)
[14:07:49]     rerank 4 (      gen9): val= +4.089 adv= +5.320 retail_adv= +2.863 (37.6s)
[14:08:26]     rerank 5 (      gen8): val= +4.051 adv= +5.369 retail_adv= +2.930 (37.5s)
[14:09:04]     rerank 6 (      gen9): val= +4.061 adv= +5.257 retail_adv= +2.758 (37.5s)
[14:11:33]   TEST best (n=256): score= +3.717 adv= +5.085 retail_adv= +2.908
[14:11:33]   FF test score:  +0.470
[14:11:33]   lift_FF (test): +3.246
[14:11:33] wrote /sessions/zealous-focused-newton/mnt/amm-gym-auto-research/research/experiments/2026-05-06-cycle28-m4-5bucket-tightstd/results/cycle18_seed0_seed0/test.json
